=== smoke driver start 2026-08-20T13:33:41+08:00 ===
2026-08-20T05:33:43.938728Z [info     ] config_synced                  branch=main path=D:\agentlearn\learnezvibe\.omac\config.yaml
2026-08-20T05:34:39.032036Z [info     ] dispatch                       handoff=waiting id=48b7cd31-7395-4ecd-bc03-902672aeac54 kind=develop node=collect worker=weekly-collect
KEY      STATUS       WORKER          WORK_ITEM_ID
collect  in_progress  weekly-collect  48b7cd31-7395-4ecd-bc03-902672aeac54
write    todo         weekly-write    -
review   todo         weekly-review   -
=== tick rc=10 at 2026-08-20T13:34:42+08:00 ===
2026-08-20T05:37:14.387039Z [info     ] config_synced                  branch=main path=D:\agentlearn\learnezvibe\.omac\config.yaml
KEY      STATUS       WORKER          WORK_ITEM_ID
collect  in_progress  weekly-collect  48b7cd31-7395-4ecd-bc03-902672aeac54
write    todo         weekly-write    -
review   todo         weekly-review   -
=== tick rc=10 at 2026-08-20T13:37:20+08:00 ===
2026-08-20T05:39:51.981707Z [info     ] config_synced                  branch=main path=D:\agentlearn\learnezvibe\.omac\config.yaml
KEY      STATUS       WORKER          WORK_ITEM_ID
collect  in_progress  weekly-collect  48b7cd31-7395-4ecd-bc03-902672aeac54
write    todo         weekly-write    -
review   todo         weekly-review   -
=== tick rc=10 at 2026-08-20T13:40:17+08:00 ===
2026-08-20T05:42:49.771723Z [info     ] config_synced                  branch=main path=D:\agentlearn\learnezvibe\.omac\config.yaml
2026-08-20T05:43:48.123372Z [info     ] revision                       absolute_audit_round=1 current_generation_consumed=1 current_generation_limit=3 gate=worker id=48b7cd31-7395-4ecd-bc03-902672aeac54 kind=develop max=3 node=collect round=1
KEY      STATUS       WORKER          WORK_ITEM_ID
collect  in_progress  weekly-collect  48b7cd31-7395-4ecd-bc03-902672aeac54
write    todo         weekly-write    -
review   todo         weekly-review   -
=== tick rc=10 at 2026-08-20T13:43:52+08:00 ===
2026-08-20T05:46:24.942672Z [info     ] config_synced                  branch=main path=D:\agentlearn\learnezvibe\.omac\config.yaml
KEY      STATUS       WORKER          WORK_ITEM_ID
collect  in_progress  weekly-collect  48b7cd31-7395-4ecd-bc03-902672aeac54
write    todo         weekly-write    -
review   todo         weekly-review   -
=== tick rc=10 at 2026-08-20T13:46:30+08:00 ===
2026-08-20T05:49:04.041543Z [info     ] config_synced                  branch=main path=D:\agentlearn\learnezvibe\.omac\config.yaml
2026-08-20T05:49:20.374611Z [info     ] node_done                      id=48b7cd31-7395-4ecd-bc03-902672aeac54 kind=develop node=collect
2026-08-20T05:50:23.637957Z [info     ] dispatch                       handoff=waiting id=6d6d7716-4e98-4da3-87ab-516a9a3dfe9c kind=develop node=write worker=weekly-write
KEY      STATUS       WORKER          WORK_ITEM_ID
collect  done         weekly-collect  48b7cd31-7395-4ecd-bc03-902672aeac54
write    in_progress  weekly-write    6d6d7716-4e98-4da3-87ab-516a9a3dfe9c
review   todo         weekly-review   -
=== tick rc=10 at 2026-08-20T13:50:28+08:00 ===
2026-08-20T05:53:00.893601Z [info     ] config_synced                  branch=main path=D:\agentlearn\learnezvibe\.omac\config.yaml
KEY      STATUS       WORKER          WORK_ITEM_ID
collect  done         weekly-collect  48b7cd31-7395-4ecd-bc03-902672aeac54
write    in_progress  weekly-write    6d6d7716-4e98-4da3-87ab-516a9a3dfe9c
review   todo         weekly-review   -
=== tick rc=10 at 2026-08-20T13:53:16+08:00 ===
2026-08-20T05:55:53.832878Z [info     ] config_synced                  branch=main path=D:\agentlearn\learnezvibe\.omac\config.yaml
2026-08-20T05:56:15.242411Z [info     ] node_done                      id=6d6d7716-4e98-4da3-87ab-516a9a3dfe9c kind=develop node=write
2026-08-20T05:57:14.508394Z [info     ] dispatch                       handoff=waiting id=322d8e2a-1220-4855-802b-8d812a89f69b kind=develop node=review worker=weekly-review
KEY      STATUS       WORKER          WORK_ITEM_ID
collect  done         weekly-collect  48b7cd31-7395-4ecd-bc03-902672aeac54
write    done         weekly-write    6d6d7716-4e98-4da3-87ab-516a9a3dfe9c
review   in_progress  weekly-review   322d8e2a-1220-4855-802b-8d812a89f69b
=== tick rc=10 at 2026-08-20T13:57:19+08:00 ===
2026-08-20T05:59:51.683552Z [info     ] config_synced                  branch=main path=D:\agentlearn\learnezvibe\.omac\config.yaml
KEY      STATUS       WORKER          WORK_ITEM_ID
collect  done         weekly-collect  48b7cd31-7395-4ecd-bc03-902672aeac54
write    done         weekly-write    6d6d7716-4e98-4da3-87ab-516a9a3dfe9c
review   in_progress  weekly-review   322d8e2a-1220-4855-802b-8d812a89f69b
=== tick rc=10 at 2026-08-20T14:00:09+08:00 ===
2026-08-20T06:02:41.260051Z [info     ] config_synced                  branch=main path=D:\agentlearn\learnezvibe\.omac\config.yaml
KEY      STATUS       WORKER          WORK_ITEM_ID
collect  done         weekly-collect  48b7cd31-7395-4ecd-bc03-902672aeac54
write    done         weekly-write    6d6d7716-4e98-4da3-87ab-516a9a3dfe9c
review   in_progress  weekly-review   322d8e2a-1220-4855-802b-8d812a89f69b
=== tick rc=10 at 2026-08-20T14:03:00+08:00 ===
2026-08-20T06:05:32.903966Z [info     ] config_synced                  branch=main path=D:\agentlearn\learnezvibe\.omac\config.yaml
2026-08-20T06:06:06.891330Z [info     ] node_done                      id=322d8e2a-1220-4855-802b-8d812a89f69b kind=develop node=review
2026-08-20T06:06:06.891330Z [info     ] converged                      done=3 kind=develop total=3
KEY      STATUS  WORKER          WORK_ITEM_ID
collect  done    weekly-collect  48b7cd31-7395-4ecd-bc03-902672aeac54
write    done    weekly-write    6d6d7716-4e98-4da3-87ab-516a9a3dfe9c
review   done    weekly-review   322d8e2a-1220-4855-802b-8d812a89f69b
=== tick rc=0 at 2026-08-20T14:06:10+08:00 ===
RESULT: CONVERGED
=== smoke driver end 2026-08-20T14:06:10+08:00 ===
