=== s04 driver start 2026-08-20T20:29:23+08:00 manifest=.omac/s04-omac-03.yaml ===
2026-08-20T12:29:25.729111Z [info     ] config_synced                  branch=main path=D:\agentlearn\learnezvibe\.omac\config.yaml
2026-08-20T12:31:09.674220Z [info     ] dispatch                       handoff=waiting id=01a01f25-fa61-7137-ab6a-4d1daeb11974 kind=develop node=collect worker=weekly-collect
KEY      STATUS       WORKER          WORK_ITEM_ID
collect  in_progress  weekly-collect  01a01f25-fa61-7137-ab6a-4d1daeb11974
write    todo         weekly-write    -
review   todo         weekly-review   -
=== tick rc=10 at 2026-08-20T20:31:14+08:00 ===
2026-08-20T12:33:46.496637Z [info     ] config_synced                  branch=main path=D:\agentlearn\learnezvibe\.omac\config.yaml
KEY      STATUS       WORKER          WORK_ITEM_ID
collect  in_progress  weekly-collect  01a01f25-fa61-7137-ab6a-4d1daeb11974
write    todo         weekly-write    -
review   todo         weekly-review   -
=== tick rc=10 at 2026-08-20T20:33:57+08:00 ===
2026-08-20T12:36:29.300593Z [info     ] config_synced                  branch=main path=D:\agentlearn\learnezvibe\.omac\config.yaml
KEY      STATUS       WORKER          WORK_ITEM_ID
collect  in_progress  weekly-collect  01a01f25-fa61-7137-ab6a-4d1daeb11974
write    todo         weekly-write    -
review   todo         weekly-review   -
=== tick rc=10 at 2026-08-20T20:36:38+08:00 ===
2026-08-20T12:39:10.669456Z [info     ] config_synced                  branch=main path=D:\agentlearn\learnezvibe\.omac\config.yaml
KEY      STATUS       WORKER          WORK_ITEM_ID
collect  in_progress  weekly-collect  01a01f25-fa61-7137-ab6a-4d1daeb11974
write    todo         weekly-write    -
review   todo         weekly-review   -
=== tick rc=10 at 2026-08-20T20:39:17+08:00 ===
2026-08-20T12:41:50.423812Z [info     ] config_synced                  branch=main path=D:\agentlearn\learnezvibe\.omac\config.yaml
KEY      STATUS       WORKER          WORK_ITEM_ID
collect  in_progress  weekly-collect  01a01f25-fa61-7137-ab6a-4d1daeb11974
write    todo         weekly-write    -
review   todo         weekly-review   -
=== tick rc=10 at 2026-08-20T20:41:58+08:00 ===
2026-08-20T12:44:29.953296Z [info     ] config_synced                  branch=main path=D:\agentlearn\learnezvibe\.omac\config.yaml
2026-08-20T12:44:48.121926Z [info     ] node_done                      id=01a01f25-fa61-7137-ab6a-4d1daeb11974 kind=develop node=collect
2026-08-20T12:46:46.128764Z [info     ] dispatch                       handoff=waiting id=01a01f34-0cfc-7183-ae57-ee0cdf849809 kind=develop node=write worker=weekly-write
KEY      STATUS       WORKER          WORK_ITEM_ID
collect  done         weekly-collect  01a01f25-fa61-7137-ab6a-4d1daeb11974
write    in_progress  weekly-write    01a01f34-0cfc-7183-ae57-ee0cdf849809
review   todo         weekly-review   -
=== tick rc=10 at 2026-08-20T20:46:49+08:00 ===
2026-08-20T12:49:22.712270Z [info     ] config_synced                  branch=main path=D:\agentlearn\learnezvibe\.omac\config.yaml
KEY      STATUS       WORKER          WORK_ITEM_ID
collect  done         weekly-collect  01a01f25-fa61-7137-ab6a-4d1daeb11974
write    in_progress  weekly-write    01a01f34-0cfc-7183-ae57-ee0cdf849809
review   todo         weekly-review   -
=== tick rc=10 at 2026-08-20T20:49:42+08:00 ===
2026-08-20T12:52:14.674635Z [info     ] config_synced                  branch=main path=D:\agentlearn\learnezvibe\.omac\config.yaml
KEY      STATUS       WORKER          WORK_ITEM_ID
collect  done         weekly-collect  01a01f25-fa61-7137-ab6a-4d1daeb11974
write    in_progress  weekly-write    01a01f34-0cfc-7183-ae57-ee0cdf849809
review   todo         weekly-review   -
=== tick rc=10 at 2026-08-20T20:52:36+08:00 ===
2026-08-20T12:55:08.042425Z [info     ] config_synced                  branch=main path=D:\agentlearn\learnezvibe\.omac\config.yaml
2026-08-20T12:55:56.579075Z [info     ] node_done                      id=01a01f34-0cfc-7183-ae57-ee0cdf849809 kind=develop node=write
2026-08-20T12:57:56.077134Z [info     ] dispatch                       handoff=waiting id=01a01f3e-3ff7-7cf6-882b-22c9a2656ded kind=develop node=review worker=weekly-review
KEY      STATUS       WORKER          WORK_ITEM_ID
collect  done         weekly-collect  01a01f25-fa61-7137-ab6a-4d1daeb11974
write    done         weekly-write    01a01f34-0cfc-7183-ae57-ee0cdf849809
review   in_progress  weekly-review   01a01f3e-3ff7-7cf6-882b-22c9a2656ded
=== tick rc=10 at 2026-08-20T20:57:59+08:00 ===
2026-08-20T13:00:32.301712Z [info     ] config_synced                  branch=main path=D:\agentlearn\learnezvibe\.omac\config.yaml
KEY      STATUS       WORKER          WORK_ITEM_ID
collect  done         weekly-collect  01a01f25-fa61-7137-ab6a-4d1daeb11974
write    done         weekly-write    01a01f34-0cfc-7183-ae57-ee0cdf849809
review   in_progress  weekly-review   01a01f3e-3ff7-7cf6-882b-22c9a2656ded
=== tick rc=10 at 2026-08-20T21:01:02+08:00 ===
2026-08-20T13:03:34.171167Z [info     ] config_synced                  branch=main path=D:\agentlearn\learnezvibe\.omac\config.yaml
KEY      STATUS       WORKER          WORK_ITEM_ID
collect  done         weekly-collect  01a01f25-fa61-7137-ab6a-4d1daeb11974
write    done         weekly-write    01a01f34-0cfc-7183-ae57-ee0cdf849809
review   in_progress  weekly-review   01a01f3e-3ff7-7cf6-882b-22c9a2656ded
=== tick rc=10 at 2026-08-20T21:04:07+08:00 ===
2026-08-20T13:06:39.974983Z [info     ] config_synced                  branch=main path=D:\agentlearn\learnezvibe\.omac\config.yaml
2026-08-20T13:07:32.323846Z [info     ] node_done                      id=01a01f3e-3ff7-7cf6-882b-22c9a2656ded kind=develop node=review
2026-08-20T13:07:32.323846Z [info     ] converged                      done=3 kind=develop total=3
KEY      STATUS  WORKER          WORK_ITEM_ID
collect  done    weekly-collect  01a01f25-fa61-7137-ab6a-4d1daeb11974
write    done    weekly-write    01a01f34-0cfc-7183-ae57-ee0cdf849809
review   done    weekly-review   01a01f3e-3ff7-7cf6-882b-22c9a2656ded
=== tick rc=0 at 2026-08-20T21:07:35+08:00 ===
RESULT: CONVERGED
=== s04 driver end 2026-08-20T21:07:35+08:00 ===
