=== s04 driver start 2026-08-20T19:10:14+08:00 manifest=.omac/s04-omac-02.yaml ===
2026-08-20T11:10:20.104366Z [info     ] config_synced                  branch=main path=D:\agentlearn\learnezvibe\.omac\config.yaml
2026-08-20T11:11:23.436014Z [info     ] dispatch                       handoff=waiting id=01a01edd-90af-7b19-9db4-7432f1188ffd kind=develop node=collect worker=weekly-collect
KEY      STATUS       WORKER          WORK_ITEM_ID
collect  in_progress  weekly-collect  01a01edd-90af-7b19-9db4-7432f1188ffd
write    todo         weekly-write    -
review   todo         weekly-review   -
=== tick rc=10 at 2026-08-20T19:11:26+08:00 ===
2026-08-20T11:13:58.480378Z [info     ] config_synced                  branch=main path=D:\agentlearn\learnezvibe\.omac\config.yaml
KEY      STATUS       WORKER          WORK_ITEM_ID
collect  in_progress  weekly-collect  01a01edd-90af-7b19-9db4-7432f1188ffd
write    todo         weekly-write    -
review   todo         weekly-review   -
=== tick rc=10 at 2026-08-20T19:14:04+08:00 ===
2026-08-20T11:16:38.421616Z [info     ] config_synced                  branch=main path=D:\agentlearn\learnezvibe\.omac\config.yaml
KEY      STATUS       WORKER          WORK_ITEM_ID
collect  in_progress  weekly-collect  01a01edd-90af-7b19-9db4-7432f1188ffd
write    todo         weekly-write    -
review   todo         weekly-review   -
=== tick rc=10 at 2026-08-20T19:16:47+08:00 ===
2026-08-20T11:19:19.325432Z [info     ] config_synced                  branch=main path=D:\agentlearn\learnezvibe\.omac\config.yaml
KEY      STATUS       WORKER          WORK_ITEM_ID
collect  in_progress  weekly-collect  01a01edd-90af-7b19-9db4-7432f1188ffd
write    todo         weekly-write    -
review   todo         weekly-review   -
=== tick rc=10 at 2026-08-20T19:19:29+08:00 ===
2026-08-20T11:22:01.858135Z [info     ] config_synced                  branch=main path=D:\agentlearn\learnezvibe\.omac\config.yaml
2026-08-20T11:22:22.795435Z [info     ] node_done                      id=01a01edd-90af-7b19-9db4-7432f1188ffd kind=develop node=collect
2026-08-20T11:23:29.235768Z [info     ] dispatch                       handoff=waiting id=01a01ee8-9973-7824-97cc-9ee1b709a5c2 kind=develop node=write worker=weekly-write
KEY      STATUS       WORKER          WORK_ITEM_ID
collect  done         weekly-collect  01a01edd-90af-7b19-9db4-7432f1188ffd
write    in_progress  weekly-write    01a01ee8-9973-7824-97cc-9ee1b709a5c2
review   todo         weekly-review   -
=== tick rc=10 at 2026-08-20T19:23:34+08:00 ===
2026-08-20T11:26:06.065849Z [info     ] config_synced                  branch=main path=D:\agentlearn\learnezvibe\.omac\config.yaml
KEY      STATUS       WORKER          WORK_ITEM_ID
collect  done         weekly-collect  01a01edd-90af-7b19-9db4-7432f1188ffd
write    in_progress  weekly-write    01a01ee8-9973-7824-97cc-9ee1b709a5c2
review   todo         weekly-review   -
=== tick rc=10 at 2026-08-20T19:26:19+08:00 ===
2026-08-20T11:28:52.032760Z [info     ] config_synced                  branch=main path=D:\agentlearn\learnezvibe\.omac\config.yaml
2026-08-20T11:29:22.957712Z [info     ] node_done                      id=01a01ee8-9973-7824-97cc-9ee1b709a5c2 kind=develop node=write
2026-08-20T11:30:39.462548Z [info     ] dispatch                       handoff=waiting id=01a01eef-00fc-7366-bdec-8855f8850555 kind=develop node=review worker=weekly-review
KEY      STATUS       WORKER          WORK_ITEM_ID
collect  done         weekly-collect  01a01edd-90af-7b19-9db4-7432f1188ffd
write    done         weekly-write    01a01ee8-9973-7824-97cc-9ee1b709a5c2
review   in_progress  weekly-review   01a01eef-00fc-7366-bdec-8855f8850555
=== tick rc=10 at 2026-08-20T19:30:42+08:00 ===
2026-08-20T11:33:14.842260Z [info     ] config_synced                  branch=main path=D:\agentlearn\learnezvibe\.omac\config.yaml
KEY      STATUS       WORKER          WORK_ITEM_ID
collect  done         weekly-collect  01a01edd-90af-7b19-9db4-7432f1188ffd
write    done         weekly-write    01a01ee8-9973-7824-97cc-9ee1b709a5c2
review   in_progress  weekly-review   01a01eef-00fc-7366-bdec-8855f8850555
=== tick rc=10 at 2026-08-20T19:33:39+08:00 ===
2026-08-20T11:36:11.548293Z [info     ] config_synced                  branch=main path=D:\agentlearn\learnezvibe\.omac\config.yaml
2026-08-20T11:36:41.253602Z [info     ] node_done                      id=01a01eef-00fc-7366-bdec-8855f8850555 kind=develop node=review
2026-08-20T11:36:41.254157Z [info     ] converged                      done=3 kind=develop total=3
KEY      STATUS  WORKER          WORK_ITEM_ID
collect  done    weekly-collect  01a01edd-90af-7b19-9db4-7432f1188ffd
write    done    weekly-write    01a01ee8-9973-7824-97cc-9ee1b709a5c2
review   done    weekly-review   01a01eef-00fc-7366-bdec-8855f8850555
=== tick rc=0 at 2026-08-20T19:36:44+08:00 ===
RESULT: CONVERGED
=== s04 driver end 2026-08-20T19:36:44+08:00 ===
