=== s04 driver start 2026-08-20T16:20:40+08:00 manifest=.omac/s04-omac-01.yaml ===
2026-08-20T08:20:44.212421Z [info     ] config_synced                  branch=main path=D:\agentlearn\learnezvibe\.omac\config.yaml
2026-08-20T08:21:45.710036Z [info     ] dispatch                       handoff=waiting id=0ac256e4-27c2-4cd2-9f52-558be1d9b184 kind=develop node=collect worker=weekly-collect
KEY      STATUS       WORKER          WORK_ITEM_ID
collect  in_progress  weekly-collect  0ac256e4-27c2-4cd2-9f52-558be1d9b184
write    todo         weekly-write    -
review   todo         weekly-review   -
=== tick rc=10 at 2026-08-20T16:21:48+08:00 ===
2026-08-20T08:24:20.724827Z [info     ] config_synced                  branch=main path=D:\agentlearn\learnezvibe\.omac\config.yaml
KEY      STATUS       WORKER          WORK_ITEM_ID
collect  in_progress  weekly-collect  0ac256e4-27c2-4cd2-9f52-558be1d9b184
write    todo         weekly-write    -
review   todo         weekly-review   -
=== tick rc=10 at 2026-08-20T16:24:26+08:00 ===
2026-08-20T08:26:58.183692Z [info     ] config_synced                  branch=main path=D:\agentlearn\learnezvibe\.omac\config.yaml
KEY      STATUS       WORKER          WORK_ITEM_ID
collect  in_progress  weekly-collect  0ac256e4-27c2-4cd2-9f52-558be1d9b184
write    todo         weekly-write    -
review   todo         weekly-review   -
=== tick rc=10 at 2026-08-20T16:27:03+08:00 ===
2026-08-20T08:29:37.834028Z [info     ] config_synced                  branch=main path=D:\agentlearn\learnezvibe\.omac\config.yaml
2026-08-20T08:31:12.792039Z [info     ] revision                       absolute_audit_round=1 current_generation_consumed=1 current_generation_limit=3 gate=worker id=0ac256e4-27c2-4cd2-9f52-558be1d9b184 kind=develop max=3 node=collect round=1
KEY      STATUS       WORKER          WORK_ITEM_ID
collect  in_progress  weekly-collect  0ac256e4-27c2-4cd2-9f52-558be1d9b184
write    todo         weekly-write    -
review   todo         weekly-review   -
=== tick rc=10 at 2026-08-20T16:31:15+08:00 ===
2026-08-20T08:33:48.008607Z [info     ] config_synced                  branch=main path=D:\agentlearn\learnezvibe\.omac\config.yaml
KEY      STATUS       WORKER          WORK_ITEM_ID
collect  in_progress  weekly-collect  0ac256e4-27c2-4cd2-9f52-558be1d9b184
write    todo         weekly-write    -
review   todo         weekly-review   -
=== tick rc=10 at 2026-08-20T16:33:53+08:00 ===
2026-08-20T08:36:25.820353Z [info     ] config_synced                  branch=main path=D:\agentlearn\learnezvibe\.omac\config.yaml
KEY      STATUS       WORKER          WORK_ITEM_ID
collect  in_progress  weekly-collect  0ac256e4-27c2-4cd2-9f52-558be1d9b184
write    todo         weekly-write    -
review   todo         weekly-review   -
=== tick rc=10 at 2026-08-20T16:36:32+08:00 ===
2026-08-20T08:39:04.593882Z [info     ] config_synced                  branch=main path=D:\agentlearn\learnezvibe\.omac\config.yaml
KEY      STATUS       WORKER          WORK_ITEM_ID
collect  in_progress  weekly-collect  0ac256e4-27c2-4cd2-9f52-558be1d9b184
write    todo         weekly-write    -
review   todo         weekly-review   -
=== tick rc=10 at 2026-08-20T16:39:10+08:00 ===
2026-08-20T08:41:42.951936Z [info     ] config_synced                  branch=main path=D:\agentlearn\learnezvibe\.omac\config.yaml
KEY      STATUS       WORKER          WORK_ITEM_ID
collect  in_progress  weekly-collect  0ac256e4-27c2-4cd2-9f52-558be1d9b184
write    todo         weekly-write    -
review   todo         weekly-review   -
=== tick rc=10 at 2026-08-20T16:42:06+08:00 ===
2026-08-20T08:44:38.409925Z [info     ] config_synced                  branch=main path=D:\agentlearn\learnezvibe\.omac\config.yaml
2026-08-20T08:45:30.470875Z [info     ] revision                       absolute_audit_round=2 current_generation_consumed=2 current_generation_limit=3 gate=worker id=0ac256e4-27c2-4cd2-9f52-558be1d9b184 kind=develop max=3 node=collect round=2
KEY      STATUS       WORKER          WORK_ITEM_ID
collect  in_progress  weekly-collect  0ac256e4-27c2-4cd2-9f52-558be1d9b184
write    todo         weekly-write    -
review   todo         weekly-review   -
=== tick rc=10 at 2026-08-20T16:45:33+08:00 ===
2026-08-20T08:48:05.145301Z [info     ] config_synced                  branch=main path=D:\agentlearn\learnezvibe\.omac\config.yaml
KEY      STATUS       WORKER          WORK_ITEM_ID
collect  in_progress  weekly-collect  0ac256e4-27c2-4cd2-9f52-558be1d9b184
write    todo         weekly-write    -
review   todo         weekly-review   -
=== tick rc=10 at 2026-08-20T16:48:24+08:00 ===
2026-08-20T08:50:56.903559Z [info     ] config_synced                  branch=main path=D:\agentlearn\learnezvibe\.omac\config.yaml
2026-08-20T08:51:44.706701Z [info     ] revision                       absolute_audit_round=3 current_generation_consumed=3 current_generation_limit=3 gate=worker id=0ac256e4-27c2-4cd2-9f52-558be1d9b184 kind=develop max=3 node=collect round=3
KEY      STATUS       WORKER          WORK_ITEM_ID
collect  in_progress  weekly-collect  0ac256e4-27c2-4cd2-9f52-558be1d9b184
write    todo         weekly-write    -
review   todo         weekly-review   -
=== tick rc=10 at 2026-08-20T16:51:48+08:00 ===
=== s04 driver start 2026-08-20T16:58:47+08:00 manifest=.omac/s04-omac-01.yaml ===
2026-08-20T08:58:50.773734Z [info     ] config_synced                  branch=main path=D:\agentlearn\learnezvibe\.omac\config.yaml
KEY      STATUS       WORKER          WORK_ITEM_ID
collect  in_progress  weekly-collect  0ac256e4-27c2-4cd2-9f52-558be1d9b184
write    todo         weekly-write    -
review   todo         weekly-review   -
=== tick rc=10 at 2026-08-20T16:59:09+08:00 ===
2026-08-20T09:01:41.183367Z [info     ] config_synced                  branch=main path=D:\agentlearn\learnezvibe\.omac\config.yaml
2026-08-20T09:01:59.245058Z [info     ] node_failed                    absolute_audit=3 current_generation_consumed=3 id=0ac256e4-27c2-4cd2-9f52-558be1d9b184 kind=develop node=collect reason='Worker delivery retry limit (3) exhausted'
2026-08-20T09:01:59.257932Z [info     ] cascade_blocked                cause=['collect'] ids=['review', 'write'] kind=develop
2026-08-20T09:01:59.257932Z [info     ] needs_decision                 done=0 failed=['collect', 'review', 'write'] kind=develop total=3
Caller decision required: Caller decision required: nodes ['collect', 'write', 'review'] failed or are blocked. Rerun, retry, or abandon before continuing.
KEY      STATUS   WORKER          WORK_ITEM_ID
collect  blocked  weekly-collect  0ac256e4-27c2-4cd2-9f52-558be1d9b184
write    blocked  weekly-write    -
review   blocked  weekly-review   -
=== tick rc=20 at 2026-08-20T17:02:03+08:00 ===
RESULT: NEEDS_DECISION
=== s04 driver end 2026-08-20T17:02:03+08:00 ===
=== s04 driver start 2026-08-20T17:05:54+08:00 manifest=.omac/s04-omac-01.yaml ===
2026-08-20T09:05:55.855535Z [info     ] config_synced                  branch=main path=D:\agentlearn\learnezvibe\.omac\config.yaml
2026-08-20T09:06:38.612683Z [info     ] dispatch                       handoff=waiting id=0ac256e4-27c2-4cd2-9f52-558be1d9b184 kind=develop node=collect worker=weekly-collect
KEY      STATUS       WORKER          WORK_ITEM_ID
collect  in_progress  weekly-collect  0ac256e4-27c2-4cd2-9f52-558be1d9b184
write    blocked      weekly-write    -
review   blocked      weekly-review   -
=== tick rc=10 at 2026-08-20T17:06:41+08:00 ===
2026-08-20T09:09:13.352250Z [info     ] config_synced                  branch=main path=D:\agentlearn\learnezvibe\.omac\config.yaml
KEY      STATUS       WORKER          WORK_ITEM_ID
collect  in_progress  weekly-collect  0ac256e4-27c2-4cd2-9f52-558be1d9b184
write    blocked      weekly-write    -
review   blocked      weekly-review   -
=== tick rc=10 at 2026-08-20T17:09:33+08:00 ===
2026-08-20T09:12:04.724334Z [info     ] config_synced                  branch=main path=D:\agentlearn\learnezvibe\.omac\config.yaml
2026-08-20T09:12:17.187168Z [info     ] node_failed                    absolute_audit=3 current_generation_consumed=3 id=0ac256e4-27c2-4cd2-9f52-558be1d9b184 kind=develop node=collect reason='Worker delivery retry limit (3) exhausted'
2026-08-20T09:12:17.193167Z [info     ] needs_decision                 done=0 failed=['collect', 'review', 'write'] kind=develop total=3
Caller decision required: Caller decision required: nodes ['collect', 'write', 'review'] failed or are blocked. Rerun, retry, or abandon before continuing.
KEY      STATUS   WORKER          WORK_ITEM_ID
collect  blocked  weekly-collect  0ac256e4-27c2-4cd2-9f52-558be1d9b184
write    blocked  weekly-write    -
review   blocked  weekly-review   -
=== tick rc=20 at 2026-08-20T17:12:19+08:00 ===
RESULT: NEEDS_DECISION
=== s04 driver end 2026-08-20T17:12:19+08:00 ===
=== s04 driver start 2026-08-20T17:19:31+08:00 manifest=.omac/s04-omac-01.yaml ===
2026-08-20T09:19:33.192607Z [info     ] config_synced                  branch=main path=D:\agentlearn\learnezvibe\.omac\config.yaml
2026-08-20T09:20:21.838808Z [info     ] dispatch                       handoff=waiting id=0ac256e4-27c2-4cd2-9f52-558be1d9b184 kind=develop node=collect worker=weekly-collect
KEY      STATUS       WORKER          WORK_ITEM_ID
collect  in_progress  weekly-collect  0ac256e4-27c2-4cd2-9f52-558be1d9b184
write    blocked      weekly-write    -
review   blocked      weekly-review   -
=== tick rc=10 at 2026-08-20T17:20:24+08:00 ===
2026-08-20T09:22:57.458625Z [info     ] config_synced                  branch=main path=D:\agentlearn\learnezvibe\.omac\config.yaml
KEY      STATUS       WORKER          WORK_ITEM_ID
collect  in_progress  weekly-collect  0ac256e4-27c2-4cd2-9f52-558be1d9b184
write    blocked      weekly-write    -
review   blocked      weekly-review   -
=== tick rc=10 at 2026-08-20T17:23:02+08:00 ===
2026-08-20T09:25:37.673319Z [info     ] config_synced                  branch=main path=D:\agentlearn\learnezvibe\.omac\config.yaml
KEY      STATUS       WORKER          WORK_ITEM_ID
collect  in_progress  weekly-collect  0ac256e4-27c2-4cd2-9f52-558be1d9b184
write    blocked      weekly-write    -
review   blocked      weekly-review   -
=== tick rc=10 at 2026-08-20T17:25:45+08:00 ===
2026-08-20T09:28:17.553297Z [info     ] config_synced                  branch=main path=D:\agentlearn\learnezvibe\.omac\config.yaml
2026-08-20T09:28:31.077948Z [info     ] node_done                      id=0ac256e4-27c2-4cd2-9f52-558be1d9b184 kind=develop node=collect
2026-08-20T09:28:31.090286Z [info     ] unblock                        ids=['write'] kind=develop
2026-08-20T09:29:29.654576Z [info     ] dispatch                       handoff=waiting id=792e0348-ed85-43f2-b6dc-b39fea477fa1 kind=develop node=write worker=weekly-write
KEY      STATUS       WORKER          WORK_ITEM_ID
collect  done         weekly-collect  0ac256e4-27c2-4cd2-9f52-558be1d9b184
write    in_progress  weekly-write    792e0348-ed85-43f2-b6dc-b39fea477fa1
review   blocked      weekly-review   -
=== tick rc=10 at 2026-08-20T17:29:33+08:00 ===
2026-08-20T09:32:06.547580Z [info     ] config_synced                  branch=main path=D:\agentlearn\learnezvibe\.omac\config.yaml
KEY      STATUS       WORKER          WORK_ITEM_ID
collect  done         weekly-collect  0ac256e4-27c2-4cd2-9f52-558be1d9b184
write    in_progress  weekly-write    792e0348-ed85-43f2-b6dc-b39fea477fa1
review   blocked      weekly-review   -
=== tick rc=10 at 2026-08-20T17:32:19+08:00 ===
2026-08-20T09:34:52.207191Z [info     ] config_synced                  branch=main path=D:\agentlearn\learnezvibe\.omac\config.yaml
KEY      STATUS       WORKER          WORK_ITEM_ID
collect  done         weekly-collect  0ac256e4-27c2-4cd2-9f52-558be1d9b184
write    in_progress  weekly-write    792e0348-ed85-43f2-b6dc-b39fea477fa1
review   blocked      weekly-review   -
=== tick rc=10 at 2026-08-20T17:35:04+08:00 ===
2026-08-20T09:37:35.919320Z [info     ] config_synced                  branch=main path=D:\agentlearn\learnezvibe\.omac\config.yaml
2026-08-20T09:38:09.120778Z [info     ] node_done                      id=792e0348-ed85-43f2-b6dc-b39fea477fa1 kind=develop node=write
2026-08-20T09:38:09.127003Z [info     ] unblock                        ids=['review'] kind=develop
2026-08-20T09:39:02.170271Z [info     ] dispatch                       handoff=waiting id=6f09473e-07ab-44a5-84e0-52c686a6d173 kind=develop node=review worker=weekly-review
KEY      STATUS       WORKER          WORK_ITEM_ID
collect  done         weekly-collect  0ac256e4-27c2-4cd2-9f52-558be1d9b184
write    done         weekly-write    792e0348-ed85-43f2-b6dc-b39fea477fa1
review   in_progress  weekly-review   6f09473e-07ab-44a5-84e0-52c686a6d173
=== tick rc=10 at 2026-08-20T17:39:04+08:00 ===
2026-08-20T09:41:38.555309Z [info     ] config_synced                  branch=main path=D:\agentlearn\learnezvibe\.omac\config.yaml
KEY      STATUS       WORKER          WORK_ITEM_ID
collect  done         weekly-collect  0ac256e4-27c2-4cd2-9f52-558be1d9b184
write    done         weekly-write    792e0348-ed85-43f2-b6dc-b39fea477fa1
review   in_progress  weekly-review   6f09473e-07ab-44a5-84e0-52c686a6d173
=== tick rc=10 at 2026-08-20T17:41:57+08:00 ===
2026-08-20T09:44:29.156149Z [info     ] config_synced                  branch=main path=D:\agentlearn\learnezvibe\.omac\config.yaml
2026-08-20T09:44:59.804354Z [info     ] node_done                      id=6f09473e-07ab-44a5-84e0-52c686a6d173 kind=develop node=review
2026-08-20T09:44:59.804354Z [info     ] converged                      done=3 kind=develop total=3
KEY      STATUS  WORKER          WORK_ITEM_ID
collect  done    weekly-collect  0ac256e4-27c2-4cd2-9f52-558be1d9b184
write    done    weekly-write    792e0348-ed85-43f2-b6dc-b39fea477fa1
review   done    weekly-review   6f09473e-07ab-44a5-84e0-52c686a6d173
=== tick rc=0 at 2026-08-20T17:45:02+08:00 ===
RESULT: CONVERGED
=== s04 driver end 2026-08-20T17:45:02+08:00 ===
